// Vitest Snapshot v1, https://vitest.dev/guide/snapshot.html

exports[`getFolderContents function > returns the track information for the given release 1`] = `
[
  {
    "duration": 123,
    "meta": {
      "album": "Release 1-1",
      "artist": "Artist 1",
      "title": "Track 01",
      "track": {
        "no": 1,
      },
      "year": 2000,
    },
    "path": "01 - Track 01.mp3",
    "position": 1,
    "title": "Track 01",
    "trackArtist": "Artist 1",
  },
  {
    "duration": 123,
    "meta": {
      "album": "Release 1-1",
      "artist": "Artist 1",
      "title": "Track 02",
      "track": {
        "no": 2,
      },
      "year": 2000,
    },
    "path": "02 - Track 02.mp3",
    "position": 2,
    "title": "Track 02",
    "trackArtist": "Artist 1",
  },
  {
    "duration": 123,
    "meta": {
      "album": "Release 1-1",
      "artist": "Artist 1",
      "title": "Track 03",
      "track": {
        "no": 3,
      },
      "year": 2000,
    },
    "path": "03 - Track 03.mp3",
    "position": 3,
    "title": "Track 03",
    "trackArtist": "Artist 1",
  },
]
`;
